// Jest Snapshot v1, https://goo.gl/fbAQLP

exports[`Documentation/NavigationDrawer/NavigationItem Component matches snapshot 1`] = `
ShallowWrapper {
  Symbol(enzyme.__root__): [Circular],
  Symbol(enzyme.__unrendered__): <NavigationItem
    closeDrawer={
      [MockFunction] {
        "calls": Array [
          Array [],
        ],
        "results": Array [
          Object {
            "isThrow": false,
            "value": undefined,
          },
        ],
      }
    }
    icon="star"
    to="/test"
  >
    Test Item
  </NavigationItem>,
  Symbol(enzyme.__renderer__): Object {
    "batchedUpdates": [Function],
    "getNode": [Function],
    "render": [Function],
    "simulateError": [Function],
    "simulateEvent": [Function],
    "unmount": [Function],
  },
  Symbol(enzyme.__node__): Object {
    "instance": null,
    "key": undefined,
    "nodeType": "host",
    "props": Object {
      "children": <Link
        replace={false}
        to="/test"
      >
        <ListItem
          ripple={true}
          tabIndex={0}
        >
          <ListItemGraphic
            icon="star"
            tag={[Function]}
          />
          Test Item
        </ListItem>
      </Link>,
      "className": undefined,
      "onClick": [MockFunction] {
        "calls": Array [
          Array [],
        ],
        "results": Array [
          Object {
            "isThrow": false,
            "value": undefined,
          },
        ],
      },
    },
    "ref": null,
    "rendered": Object {
      "instance": null,
      "key": undefined,
      "nodeType": "class",
      "props": Object {
        "children": <ListItem
          ripple={true}
          tabIndex={0}
        >
          <ListItemGraphic
            icon="star"
            tag={[Function]}
          />
          Test Item
        </ListItem>,
        "replace": false,
        "to": "/test",
      },
      "ref": null,
      "rendered": Object {
        "instance": null,
        "key": undefined,
        "nodeType": "class",
        "props": Object {
          "children": Array [
            <ListItemGraphic
              icon="star"
              tag={[Function]}
            />,
            "Test Item",
          ],
          "ripple": true,
          "tabIndex": 0,
        },
        "ref": null,
        "rendered": Array [
          Object {
            "instance": null,
            "key": undefined,
            "nodeType": "class",
            "props": Object {
              "icon": "star",
              "tag": [Function],
            },
            "ref": null,
            "rendered": null,
            "type": [Function],
          },
          "Test Item",
        ],
        "type": [Function],
      },
      "type": [Function],
    },
    "type": "div",
  },
  Symbol(enzyme.__nodes__): Array [
    Object {
      "instance": null,
      "key": undefined,
      "nodeType": "host",
      "props": Object {
        "children": <Link
          replace={false}
          to="/test"
        >
          <ListItem
            ripple={true}
            tabIndex={0}
          >
            <ListItemGraphic
              icon="star"
              tag={[Function]}
            />
            Test Item
          </ListItem>
        </Link>,
        "className": undefined,
        "onClick": [MockFunction] {
          "calls": Array [
            Array [],
          ],
          "results": Array [
            Object {
              "isThrow": false,
              "value": undefined,
            },
          ],
        },
      },
      "ref": null,
      "rendered": Object {
        "instance": null,
        "key": undefined,
        "nodeType": "class",
        "props": Object {
          "children": <ListItem
            ripple={true}
            tabIndex={0}
          >
            <ListItemGraphic
              icon="star"
              tag={[Function]}
            />
            Test Item
          </ListItem>,
          "replace": false,
          "to": "/test",
        },
        "ref": null,
        "rendered": Object {
          "instance": null,
          "key": undefined,
          "nodeType": "class",
          "props": Object {
            "children": Array [
              <ListItemGraphic
                icon="star"
                tag={[Function]}
              />,
              "Test Item",
            ],
            "ripple": true,
            "tabIndex": 0,
          },
          "ref": null,
          "rendered": Array [
            Object {
              "instance": null,
              "key": undefined,
              "nodeType": "class",
              "props": Object {
                "icon": "star",
                "tag": [Function],
              },
              "ref": null,
              "rendered": null,
              "type": [Function],
            },
            "Test Item",
          ],
          "type": [Function],
        },
        "type": [Function],
      },
      "type": "div",
    },
  ],
  Symbol(enzyme.__options__): Object {
    "adapter": ReactSixteenAdapter {
      "options": Object {
        "enableComponentDidUpdateOnSetState": true,
        "lifecycles": Object {
          "componentDidUpdate": Object {
            "onSetState": true,
          },
          "getDerivedStateFromProps": true,
          "getSnapshotBeforeUpdate": true,
          "setState": Object {
            "skipsComponentDidUpdateOnNullish": true,
          },
        },
      },
    },
  },
}
`;
